main.c:98:6:HAL_UART_RxCpltCallback	16	static
main.c:114:5:main	32	static
main.c:193:6:SystemClock_Config	104	static
main.c:246:13:MX_ADC1_Init	24	static
main.c:296:13:MX_I2C1_Init	8	static
main.c:330:13:MX_RTC_Init	8	static
main.c:364:13:MX_SPI1_Init	8	static
main.c:402:13:MX_TIM1_Init	96	static
main.c:481:13:MX_TIM2_Init	32	static
main.c:526:13:MX_TIM3_Init	32	static
main.c:571:13:MX_TIM4_Init	32	static
main.c:616:13:MX_USART1_UART_Init	8	static
main.c:647:13:MX_DMA_Init	16	static
main.c:668:13:MX_GPIO_Init	48	static
main.c:736:6:Logo_Ecci	40	static
main.c:777:6:get_time	48	static
main.c:786:6:set_time	32	static
main.c:812:6:Clock_Ecci	48	static
main.c:861:6:Error_Handler	4	static,ignoring_inline_asm
