stm32f4xx_it.c:102:6:NMI_Handler	4	static
stm32f4xx_it.c:117:6:HardFault_Handler	4	static
stm32f4xx_it.c:132:6:MemManage_Handler	4	static
stm32f4xx_it.c:147:6:BusFault_Handler	4	static
stm32f4xx_it.c:162:6:UsageFault_Handler	4	static
stm32f4xx_it.c:177:6:SVC_Handler	4	static
stm32f4xx_it.c:190:6:DebugMon_Handler	4	static
stm32f4xx_it.c:203:6:PendSV_Handler	4	static
stm32f4xx_it.c:216:6:SysTick_Handler	8	static
stm32f4xx_it.c:237:6:EXTI0_IRQHandler	16	static
stm32f4xx_it.c:258:6:EXTI1_IRQHandler	16	static
stm32f4xx_it.c:281:6:EXTI3_IRQHandler	24	static
stm32f4xx_it.c:328:6:EXTI4_IRQHandler	8	static
stm32f4xx_it.c:347:6:TIM2_IRQHandler	136	static
stm32f4xx_it.c:385:6:TIM3_IRQHandler	16	static
stm32f4xx_it.c:409:6:TIM4_IRQHandler	40	static
stm32f4xx_it.c:446:6:USART1_IRQHandler	8	static
stm32f4xx_it.c:460:6:DMA2_Stream2_IRQHandler	8	static
stm32f4xx_it.c:474:6:DMA2_Stream7_IRQHandler	8	static
stm32f4xx_it.c:486:6:DisplayDatosGyro	40	static
stm32f4xx_it.c:495:6:DisplayDatosAccel	40	static
stm32f4xx_it.c:504:6:DisplayDatosMag	40	static
stm32f4xx_it.c:513:6:DisplayDatosGyroRPY	40	static
stm32f4xx_it.c:521:6:DisplayDatosDistance	40	static
stm32f4xx_it.c:530:6:Menu	80	static
